\BOOKMARK [1][-]{cover.1}{\376\377\134\001\000\040\227\142}{}% 1
\BOOKMARK [1][-]{contents.1}{\376\377\166\356\000\040\137\125}{}% 2
\BOOKMARK [1][-]{section.1}{\376\377\0001\000\040\225\356\230\230\221\315\217\360}{}% 3
\BOOKMARK [1][-]{section.2}{\376\377\0002\000\040\225\356\230\230\122\006\147\220\116\016\140\073\117\123\142\200\147\057\215\357\176\277}{}% 4
\BOOKMARK [1][-]{section.3}{\376\377\0003\000\040\152\041\127\213\120\107\213\276\116\016\173\046\123\367\213\364\146\016}{}% 5
\BOOKMARK [1][-]{section.4}{\376\377\0004\000\040\225\356\230\230\116\000\377\032\131\032\152\041\140\001\145\366\136\217\133\371\237\120\152\041\127\213\166\204\136\372\172\313\116\016\154\102\211\343}{}% 6
\BOOKMARK [2][-]{subsection.4.1}{\376\377\0004\000.\0001\000\040\176\337\116\000\213\355\116\111\040\024\145\366\225\364\127\120\150\007\174\373}{section.4}% 7
\BOOKMARK [2][-]{subsection.4.2}{\376\377\0004\000.\0002\000\040\0005\0000\000\040\153\145\213\355\116\111\177\121\150\074\116\016\162\266\140\001\143\251\170\001}{section.4}% 8
\BOOKMARK [2][-]{subsection.4.3}{\376\377\0004\000.\0003\000\040\133\371\237\120\154\102\211\343\173\227\154\325\377\032\000C\000T\000C\000\040\137\072\122\066\133\371\237\120\116\016\131\061\215\045\122\006\134\102\131\004\164\006}{section.4}% 9
\BOOKMARK [2][-]{subsection.4.4}{\376\377\0004\000.\0004\000\040\126\333\143\007\150\007\232\214\145\066\116\016\133\371\230\230\227\142\126\336\136\224}{section.4}% 10
\BOOKMARK [2][-]{subsection.4.5}{\376\377\0004\000.\0005\000\040\121\170\127\213\126\336\145\076\377\010\201\352\122\250\126\336\145\076\377\011}{section.4}% 11
\BOOKMARK [1][-]{section.5}{\376\377\0005\000\040\225\356\230\230\116\214\377\032\177\072\131\061\127\072\146\157\116\013\234\201\150\322\140\305\141\037\230\204\155\113\152\041\127\213\166\204\136\372\172\313\116\016\154\102\211\343}{}% 12
\BOOKMARK [2][-]{subsection.5.1}{\376\377\0005\000.\0001\000\040\177\072\131\061\172\172\225\364\116\016\000\040\000M\000R\000F\000N\000\040\147\266\147\204}{section.5}% 13
\BOOKMARK [2][-]{subsection.5.2}{\376\377\0005\000.\0002\000\040\152\041\127\213\226\066\150\257\116\016\000\040\0003\0001\000\040\127\072\146\157\234\201\150\322\140\047}{section.5}% 14
\BOOKMARK [2][-]{subsection.5.3}{\376\377\0005\000.\0003\000\040\217\301\171\373\116\016\155\210\207\215}{section.5}% 15
\BOOKMARK [2][-]{subsection.5.4}{\376\377\0005\000.\0004\000\040\152\041\127\213\145\071\217\333\060\001\221\307\176\263\116\016\217\375\122\240\176\310\213\304}{section.5}% 16
\BOOKMARK [2][-]{subsection.5.5}{\376\377\0005\000.\0005\000\040\226\104\116\366\0003\000\040\116\244\116\330\377\010\145\340\150\007\173\176\377\014\116\305\210\114\116\072\122\006\147\220\377\011}{section.5}% 17
\BOOKMARK [1][-]{section.6}{\376\377\0006\000\040\225\356\230\230\116\011\377\032\123\357\211\343\221\312\140\305\141\037\230\204\155\113\152\041\127\213\166\204\136\372\172\313\116\016\154\102\211\343}{}% 18
\BOOKMARK [2][-]{subsection.6.1}{\376\377\0006\000.\0001\000\040\116\373\122\241\116\016\116\044\123\302\161\147\174\373}{section.6}% 19
\BOOKMARK [2][-]{subsection.6.2}{\376\377\0006\000.\0002\000\040\000S\000h\000a\000p\000l\000e\000y\000\040\200\124\166\337\137\122\126\340}{section.6}% 20
\BOOKMARK [2][-]{subsection.6.3}{\376\377\0006\000.\0003\000\040\171\357\122\006\150\257\136\246\117\115\177\156\137\122\126\340}{section.6}% 21
\BOOKMARK [2][-]{subsection.6.4}{\376\377\0006\000.\0004\000\040\211\343\221\312\123\357\117\341\140\047\232\214\213\301\377\032\000A\040\023\000E\000\040\220\032\217\307\116\016\000\040\000F\000\040\230\171\176\323\147\204\140\047\213\312\145\255}{section.6}% 22
\BOOKMARK [2][-]{subsection.6.5}{\376\377\0006\000.\0005\000\040\000g\040\023\000\040\121\163\174\373}{section.6}% 23
\BOOKMARK [2][-]{subsection.6.6}{\376\377\0006\000.\0006\000\040\226\104\116\366\0004\000\040\116\244\116\330\116\016\211\343\221\312\123\141}{section.6}% 24
\BOOKMARK [2][-]{subsection.6.7}{\376\377\0006\000.\0007\000\040\134\100\226\120}{section.6}% 25
\BOOKMARK [1][-]{section.7}{\376\377\0007\000\040\152\041\127\213\176\374\124\010\213\304\116\367\116\016\143\250\136\177}{}% 26
\BOOKMARK [2][-]{subsection.7.1}{\376\377\0007\000.\0001\000\040\117\030\160\271}{section.7}% 27
\BOOKMARK [2][-]{subsection.7.2}{\376\377\0007\000.\0002\000\040\116\011\225\356\200\124\124\010\232\214\213\301\377\032\225\350\143\247\040\024\117\341\140\157\221\317\040\024\215\041\163\056\121\163\174\373\123\312\121\166\217\271\165\114}{section.7}% 28
\BOOKMARK [2][-]{subsection.7.3}{\376\377\0007\000.\0003\000\040\134\100\226\120\116\016\225\031\213\357\137\122\126\340}{section.7}% 29
\BOOKMARK [2][-]{subsection.7.4}{\376\377\0007\000.\0004\000\040\143\250\136\177}{section.7}% 30
\BOOKMARK [1][-]{section*.24}{\376\377\123\302\200\003\145\207\163\056}{}% 31
\BOOKMARK [1][-]{section.1}{\376\377\226\104\137\125\000A\000\040\163\257\130\203\116\016\150\070\137\303\123\302\145\160}{}% 32
\BOOKMARK [1][-]{section.2}{\376\377\226\104\137\125\000B\000\040\121\163\225\056\116\343\170\001}{}% 33
\BOOKMARK [1][-]{section.3}{\376\377\226\104\137\125\000C\000\040\000P\0001\000\040\201\352\122\250\126\336\145\076\126\376}{}% 34
